Microchip MPLAB XC8 Compiler V1.32 ()

Linker command line:

--edf=C:\Program Files (x86)\Microchip\xc8\v1.32\dat\en_msgs.txt -cs \
  -h+dist/default/production\proyecto.X.production.sym \
  --cmf=dist/default/production\proyecto.X.production.cmf -z -Q18F2550 \
  -oC:\Users\VERNIC~1\AppData\Local\Temp\s6mo.6 \
  -Mdist/default/production/proyecto.X.production.map -E1 -ver=XC8 \
  -ASTACK=06Ch-07ffh -pstack=STACK -ACODE=00h-07FFFh -ACONST=00h-07FFFh \
  -ASMALLCONST=0800h-08FFhx120 -AMEDIUMCONST=0800h-07FFFh -ACOMRAM=01h-05Fh \
  -AABS1=00h-07FFh -ABIGRAM=01h-07FFh -ARAM=060h-0FFh,0100h-01FFhx7 \
  -ABANK0=060h-0FFh -ABANK1=0100h-01FFh -ABANK2=0200h-02FFh \
  -ABANK3=0300h-03FFh -ABANK4=0400h-04FFh -ABANK5=0500h-05FFh \
  -ABANK6=0600h-06FFh -ABANK7=0700h-07FFh -ASFR=0F60h-0FFFh \
  -preset_vec=00h,intcode=08h,intcodelo,powerup,init,end_init \
  -pramtop=0800h -psmallconst=SMALLCONST -pmediumconst=MEDIUMCONST \
  -pconst=CONST -AFARRAM=00h-00h -ACONFIG=0300000h-030000Dh -pconfig=CONFIG \
  -AIDLOC=0200000h-0200007h -pidloc=IDLOC -AEEDATA=0F00000h-0F000FFh \
  -peeprom_data=EEDATA \
  -prdata=COMRAM,nvrram=COMRAM,nvbit=COMRAM,rbss=COMRAM,rbit=COMRAM \
  -pfarbss=FARRAM,fardata=FARRAM,nvFARRAM=FARRAM \
  -pintsave_regs=BIGRAM,bigbss=BIGRAM,bigdata=BIGRAM -pbss=RAM \
  -pidata=CODE,irdata=CODE,ibigdata=CODE,ifardata=CODE \
  C:\Users\VERNIC~1\AppData\Local\Temp\s6mo.obj \
  dist/default/production\proyecto.X.production.obj 

Object code version is 3.11

Machine type is 18F2550

Call graph: (short form)




                Name                               Link     Load   Length Selector   Space Scale
C:\Users\VERNIC~1\AppData\Local\Temp\s6mo.obj
                end_init                             18       18        4        4       0
                reset_vec                             0        0        4        0       0
                idloc                            200000   200000        8   200000       0
                config                           300000   300000        E   300000       0
dist/default/production\proyecto.X.production.obj
                intcode                               8        8       10        4       0
                text37                              412      412       52        4       0
                text36                              4A6      4A6       42        4       0
                text35                               CE       CE       A4        4       0
                text34                              3C0      3C0       52        4       0
                text33                              806      806       12        4       0
                text32                              6D4      6D4       26        4       0
                text31                              564      564       36        4       0
                text30                              5CC      5CC       30        4       0
                text29                              6AC      6AC       28        4       0
                text28                              366      366       5A        4       0
                text27                              828      828       10        4       0
                text26                              2F6      2F6       70        4       0
                text25                              71E      71E       24        4       0
                text24                              1F4      1F4       82        4       0
                text23                              656      656       2C        4       0
                text22                              7F4      7F4       12        4       0
                text21                              818      818       10        4       0
                text20                              762      762       1E        4       0
                text19                              84E      84E        6        4       0
                text18                              848      848        6        4       0
                text17                              742      742       20        4       0
                text16                              682      682       2A        4       0
                text15                              528      528       3C        4       0
                intcode_body                         1C       1C       B2        4       0
                text13                              7E2      7E2       12        4       0
                text12                              172      172       82        4       0
                text11                              5FC      5FC       2E        4       0
                text10                              62A      62A       2C        4       0
                text9                               4E8      4E8       40        4       0
                text8                               7B4      7B4       1A        4       0
                text7                               854      854        4        4       0
                text6                               6FA      6FA       24        4       0
                text5                               79A      79A       1A        4       0
                text4                               7CE      7CE       14        4       0
                text3                               276      276       80        4       0
                text2                               838      838        A        4       0
                text1                               464      464       42        4       0
                text0                               780      780       1A        4       0
                cstackCOMRAM                          1        1       27        1       1
                cstackBANK0                          60       60        C       60       1
                dataCOMRAM                           48       48        6        1       1
                bssCOMRAM                            28       28       20        1       1
                cinit                               59A      59A       32        4       0
                idataCOMRAM                         842      842        6        4       0

TOTAL           Name                               Link     Load   Length     Space
        CLASS   STACK          

        CLASS   CODE           
                end_init                             18       18        4         0
                intcode                               8        8       10         0
                reset_vec                             0        0        4         0
                text37                              412      412       52         0
                text36                              4A6      4A6       42         0
                text35                               CE       CE       A4         0
                text34                              3C0      3C0       52         0
                text33                              806      806       12         0
                text32                              6D4      6D4       26         0
                text31                              564      564       36         0
                text30                              5CC      5CC       30         0
                text29                              6AC      6AC       28         0
                text28                              366      366       5A         0
                text27                              828      828       10         0
                text26                              2F6      2F6       70         0
                text25                              71E      71E       24         0
                text24                              1F4      1F4       82         0
                text23                              656      656       2C         0
                text22                              7F4      7F4       12         0
                text21                              818      818       10         0
                text20                              762      762       1E         0
                text19                              84E      84E        6         0
                text18                              848      848        6         0
                text17                              742      742       20         0
                text16                              682      682       2A         0
                text15                              528      528       3C         0
                intcode_body                         1C       1C       B2         0
                text13                              7E2      7E2       12         0
                text12                              172      172       82         0
                text11                              5FC      5FC       2E         0
                text10                              62A      62A       2C         0
                text9                               4E8      4E8       40         0
                text8                               7B4      7B4       1A         0
                text7                               854      854        4         0
                text6                               6FA      6FA       24         0
                text5                               79A      79A       1A         0
                text4                               7CE      7CE       14         0
                text3                               276      276       80         0
                text2                               838      838        A         0
                text1                               464      464       42         0
                text0                               780      780       1A         0
                cinit                               59A      59A       32         0
                idataCOMRAM                         842      842        6         0

        CLASS   CONST          

        CLASS   SMALLCONST     

        CLASS   MEDIUMCONST    

        CLASS   COMRAM         
                cstackCOMRAM                          1        1       27         1
                dataCOMRAM                           48       48        6         1
                bssCOMRAM                            28       28       20         1

        CLASS   ABS1           

        CLASS   BIGRAM         

        CLASS   RAM            

        CLASS   BANK0          
                cstackBANK0                          60       60        C         1

        CLASS   BANK1          

        CLASS   BANK2          

        CLASS   BANK3          

        CLASS   BANK4          

        CLASS   BANK5          

        CLASS   BANK6          

        CLASS   BANK7          

        CLASS   SFR            

        CLASS   FARRAM         

        CLASS   CONFIG         
                config                           300000   300000        E         0

        CLASS   IDLOC          
                idloc                            200000   200000        8         0

        CLASS   EEDATA         



SEGMENTS        Name                           Load    Length   Top    Selector   Space  Class

                reset_vec                      000000  000004  000004         0       0  CODE    
                cstackCOMRAM                   000001  00004D  00004E         1       1  COMRAM  
                intcode                        000008  000850  000858         4       0  CODE    
                cstackBANK0                    000060  00000C  00006C        60       1  BANK0   
                idloc                          200000  000008  200008    200000       0  IDLOC   
                config                         300000  00000E  30000E    300000       0  CONFIG  


UNUSED ADDRESS RANGES

        Name                Unused          Largest block    Delta
        BANK0            00006C-0000FF               94
        BANK1            000100-0001FF              100
        BANK2            000200-0002FF              100
        BANK3            000300-0003FF              100
        BANK4            000400-0004FF              100
        BANK5            000500-0005FF              100
        BANK6            000600-0006FF              100
        BANK7            000700-0007FF              100
        BIGRAM           00004E-00005F               12
                         00006C-0007FF              794
        CODE             000004-000007                4
                         000858-007FFF             77A8
        COMRAM           00004E-00005F               12
        CONST            000004-000007                4
                         000858-007FFF             77A8
        EEDATA           F00000-F000FF              100
        MEDIUMCONST      000858-007FFF             77A8
        RAM              00006C-0007FF              100
        SFR              000F60-000FFF               A0
        SMALLCONST       000858-007FFF              100
        STACK            00006C-0007FF              794

                                  Symbol Table

?___lwdiv                    cstackCOMRAM 000001
?___lwmod                    cstackCOMRAM 000001
I2C_open@baud_clock          cstackBANK0  000063
I2C_open@slew                cstackBANK0  000062
I2C_open@sync_mode           cstackBANK0  000064
I2C_read_data_acc@rdptr      cstackCOMRAM 000007
I2C_read_data_acc@reg        cstackCOMRAM 000009
I2C_send@data                cstackBANK0  000063
I2C_send@reg                 cstackBANK0  000064
I2C_send@status              cstackBANK0  000065
I2C_turn_on_acc@data_rate    cstackBANK0  000068
I2C_turn_on_acc@full_scale   cstackBANK0  000069
I2C_turn_on_acc@mode         cstackBANK0  00006B
I2C_turn_on_acc@sleep_wakeup cstackBANK0  00006A
I2C_write_reg_acc@reg        cstackBANK0  000067
I2C_write_reg_acc@valor      cstackBANK0  000066
OpenI2C@slew                 cstackBANK0  000060
OpenI2C@sync_mode            cstackBANK0  000061
OpenTimer0@config            cstackCOMRAM 000001
OpenUSART@config             cstackBANK0  000065
OpenUSART@spbrg              cstackBANK0  000060
ReadUSART@data               cstackCOMRAM 000001
WriteI2C@data_out            cstackBANK0  000062
WriteTimer0@timer            cstackCOMRAM 000003
WriteTimer0@timer0           cstackCOMRAM 000001
WriteUSART@data              cstackCOMRAM 000001
_BAUDCON                     (abs)        000FB8
_CaracterRx                  bssCOMRAM    000028
_CloseI2C                    text7        000854
_CloseTimer0                 text19       00084E
_I2C_open                    text5        00079A
_I2C_read_data_acc           text24       0001F4
_I2C_send                    text11       0005FC
_I2C_turn_on_acc             text9        0004E8
_I2C_write_reg_acc           text10       00062A
_INTCONbits                  (abs)        000FF2
_IdleI2C                     text13       0007E2
_Interruption                intcode      000008
_LATC                        (abs)        000F8B
_OpenI2C                     text6        0006FA
_OpenTimer0                  text17       000742
_OpenUSART                   text3        000276
_PIE1                        (abs)        000F9D
_PIE1bits                    (abs)        000F9D
_PIR1bits                    (abs)        000F9E
_PIR2bits                    (abs)        000FA1
_PORTCbits                   (abs)        000F82
_RCREG                       (abs)        000FAE
_RCSTA                       (abs)        000FAB
_RCSTAbits                   (abs)        000FAB
_ReadI2C                     text29       0006AC
_ReadUSART                   text20       000762
_SPBRG                       (abs)        000FAF
_SPBRGH                      (abs)        000FB0
_SSPADD                      (abs)        000FC8
_SSPBUF                      (abs)        000FC9
_SSPCON1                     (abs)        000FC6
_SSPCON1bits                 (abs)        000FC6
_SSPCON2                     (abs)        000FC5
_SSPCON2bits                 (abs)        000FC5
_SSPSTAT                     (abs)        000FC7
_SSPSTATbits                 (abs)        000FC7
_T0CON                       (abs)        000FD5
_T0CONbits                   (abs)        000FD5
_TMR0H                       (abs)        000FD7
_TMR0L                       (abs)        000FD6
_TRISBbits                   (abs)        000F93
_TRISC                       (abs)        000F94
_TRISCbits                   (abs)        000F94
_TXREG                       (abs)        000FAD
_TXSTA                       (abs)        000FAC
_TXSTAbits                   (abs)        000FAC
_USART_Status                bssCOMRAM    000036
_WriteI2C                    text12       000172
_WriteTimer0                 text22       0007F4
_WriteUSART                  text33       000806
__CFG_BOR$OFF                (abs)        000000
__CFG_BORV$0                 (abs)        000000
__CFG_CCP2MX$OFF             (abs)        000000
__CFG_CP0$OFF                (abs)        000000
__CFG_CP1$OFF                (abs)        000000
__CFG_CP2$OFF                (abs)        000000
__CFG_CP3$OFF                (abs)        000000
__CFG_CPB$OFF                (abs)        000000
__CFG_CPD$OFF                (abs)        000000
__CFG_CPUDIV$OSC1_PLL2       (abs)        000000
__CFG_EBTR0$OFF              (abs)        000000
__CFG_EBTR1$OFF              (abs)        000000
__CFG_EBTR2$OFF              (abs)        000000
__CFG_EBTR3$OFF              (abs)        000000
__CFG_EBTRB$OFF              (abs)        000000
__CFG_FCMEN$OFF              (abs)        000000
__CFG_FOSC$HSPLL_HS          (abs)        000000
__CFG_IESO$OFF               (abs)        000000
__CFG_LPT1OSC$OFF            (abs)        000000
__CFG_LVP$OFF                (abs)        000000
__CFG_MCLRE$ON               (abs)        000000
__CFG_PBADEN$OFF             (abs)        000000
__CFG_PLLDIV$5               (abs)        000000
__CFG_PWRT$ON                (abs)        000000
__CFG_STVREN$OFF             (abs)        000000
__CFG_USBDIV$1               (abs)        000000
__CFG_VREGEN$ON              (abs)        000000
__CFG_WDT$OFF                (abs)        000000
__CFG_WDTPS$32768            (abs)        000000
__CFG_WRT0$OFF               (abs)        000000
__CFG_WRT1$OFF               (abs)        000000
__CFG_WRT2$OFF               (abs)        000000
__CFG_WRT3$OFF               (abs)        000000
__CFG_WRTB$OFF               (abs)        000000
__CFG_WRTC$OFF               (abs)        000000
__CFG_WRTD$OFF               (abs)        000000
__CFG_XINST$OFF              (abs)        000000
__HRAM                       (abs)        000000
__Habs1                      abs1         000000
__Hbank0                     bank0        000000
__Hbank1                     bank1        000000
__Hbank2                     bank2        000000
__Hbank3                     bank3        000000
__Hbank4                     bank4        000000
__Hbank5                     bank5        000000
__Hbank6                     bank6        000000
__Hbank7                     bank7        000000
__Hbigbss                    bigbss       000000
__Hbigdata                   bigdata      000000
__Hbigram                    bigram       000000
__Hbss                       bss          000000
__HbssCOMRAM                 bssCOMRAM    000000
__Hcinit                     cinit        000000
__Hclrtext                   clrtext      000000
__Hcomram                    comram       000000
__Hconfig                    config       30000E
__Hconst                     const        000000
__HcstackBANK0               cstackBANK0  000000
__HcstackCOMRAM              cstackCOMRAM 000000
__Hdata                      data         000000
__HdataCOMRAM                dataCOMRAM   000000
__Heeprom_data               eeprom_data  000000
__Hend_init                  end_init     00001C
__Hfarbss                    farbss       000000
__Hfardata                   fardata      000000
__Hibigdata                  ibigdata     000000
__Hidata                     idata        000000
__HidataCOMRAM               idataCOMRAM  000000
__Hidloc                     idloc        200008
__Hifardata                  ifardata     000000
__Hinit                      init         000018
__Hintcode                   intcode      000018
__Hintcode_body              intcode_body 000000
__Hintcodelo                 intcodelo    000018
__Hintentry                  intentry     000000
__Hintret                    intret       000000
__Hintsave_regs              intsave_regs 000000
__Hirdata                    irdata       000000
__Hmediumconst               mediumconst  000000
__HnvFARRAM                  nvFARRAM     000000
__Hnvbit                     nvbit        000000
__Hnvrram                    nvrram       000000
__Hparam                     rparam       000000
__Hpowerup                   powerup      000018
__Hram                       ram          000000
__Hramtop                    ramtop       000800
__Hrbit                      rbit         000000
__Hrbss                      rbss         000000
__Hrdata                     rdata        000000
__Hreset_vec                 reset_vec    000004
__Hrparam                    rparam       000000
__Hsfr                       sfr          000000
__Hsmallconst                smallconst   000000
__Hspace_0                   (abs)        30000E
__Hspace_1                   (abs)        00006C
__Hspace_2                   (abs)        000000
__Hstack                     stack        000000
__Hstruct                    struct       000000
__Htemp                      temp         000000
__Htext                      text         000000
__Htext0                     text0        000000
__Htext1                     text1        000000
__Htext10                    text10       000000
__Htext11                    text11       000000
__Htext12                    text12       000000
__Htext13                    text13       000000
__Htext15                    text15       000000
__Htext16                    text16       000000
__Htext17                    text17       000000
__Htext18                    text18       000000
__Htext19                    text19       000000
__Htext2                     text2        000000
__Htext20                    text20       000000
__Htext21                    text21       000000
__Htext22                    text22       000000
__Htext23                    text23       000000
__Htext24                    text24       000000
__Htext25                    text25       000000
__Htext26                    text26       000000
__Htext27                    text27       000000
__Htext28                    text28       000000
__Htext29                    text29       000000
__Htext3                     text3        000000
__Htext30                    text30       000000
__Htext31                    text31       000000
__Htext32                    text32       000000
__Htext33                    text33       000000
__Htext34                    text34       000000
__Htext35                    text35       000000
__Htext36                    text36       000000
__Htext37                    text37       000000
__Htext4                     text4        000000
__Htext5                     text5        000000
__Htext6                     text6        000000
__Htext7                     text7        000000
__Htext8                     text8        000000
__Htext9                     text9        000000
__LRAM                       (abs)        000001
__Labs1                      abs1         000000
__Lbank0                     bank0        000000
__Lbank1                     bank1        000000
__Lbank2                     bank2        000000
__Lbank3                     bank3        000000
__Lbank4                     bank4        000000
__Lbank5                     bank5        000000
__Lbank6                     bank6        000000
__Lbank7                     bank7        000000
__Lbigbss                    bigbss       000000
__Lbigdata                   bigdata      000000
__Lbigram                    bigram       000000
__Lbss                       bss          000000
__LbssCOMRAM                 bssCOMRAM    000000
__Lcinit                     cinit        000000
__Lclrtext                   clrtext      000000
__Lcomram                    comram       000000
__Lconfig                    config       300000
__Lconst                     const        000000
__LcstackBANK0               cstackBANK0  000000
__LcstackCOMRAM              cstackCOMRAM 000000
__Ldata                      data         000000
__LdataCOMRAM                dataCOMRAM   000000
__Leeprom_data               eeprom_data  000000
__Lend_init                  end_init     000018
__Lfarbss                    farbss       000000
__Lfardata                   fardata      000000
__Libigdata                  ibigdata     000000
__Lidata                     idata        000000
__LidataCOMRAM               idataCOMRAM  000000
__Lidloc                     idloc        200000
__Lifardata                  ifardata     000000
__Linit                      init         000018
__Lintcode                   intcode      000008
__Lintcode_body              intcode_body 000000
__Lintcodelo                 intcodelo    000018
__Lintentry                  intentry     000000
__Lintret                    intret       000000
__Lintsave_regs              intsave_regs 000000
__Lirdata                    irdata       000000
__Lmediumconst               mediumconst  000000
__LnvFARRAM                  nvFARRAM     000000
__Lnvbit                     nvbit        000000
__Lnvrram                    nvrram       000000
__Lparam                     rparam       000000
__Lpowerup                   powerup      000018
__Lram                       ram          000000
__Lramtop                    ramtop       000800
__Lrbit                      rbit         000000
__Lrbss                      rbss         000000
__Lrdata                     rdata        000000
__Lreset_vec                 reset_vec    000000
__Lrparam                    rparam       000000
__Lsfr                       sfr          000000
__Lsmallconst                smallconst   000000
__Lspace_0                   (abs)        000000
__Lspace_1                   (abs)        000000
__Lspace_2                   (abs)        000000
__Lstack                     stack        000000
__Lstruct                    struct       000000
__Ltemp                      temp         000000
__Ltext                      text         000000
__Ltext0                     text0        000000
__Ltext1                     text1        000000
__Ltext10                    text10       000000
__Ltext11                    text11       000000
__Ltext12                    text12       000000
__Ltext13                    text13       000000
__Ltext15                    text15       000000
__Ltext16                    text16       000000
__Ltext17                    text17       000000
__Ltext18                    text18       000000
__Ltext19                    text19       000000
__Ltext2                     text2        000000
__Ltext20                    text20       000000
__Ltext21                    text21       000000
__Ltext22                    text22       000000
__Ltext23                    text23       000000
__Ltext24                    text24       000000
__Ltext25                    text25       000000
__Ltext26                    text26       000000
__Ltext27                    text27       000000
__Ltext28                    text28       000000
__Ltext29                    text29       000000
__Ltext3                     text3        000000
__Ltext30                    text30       000000
__Ltext31                    text31       000000
__Ltext32                    text32       000000
__Ltext33                    text33       000000
__Ltext34                    text34       000000
__Ltext35                    text35       000000
__Ltext36                    text36       000000
__Ltext37                    text37       000000
__Ltext4                     text4        000000
__Ltext5                     text5        000000
__Ltext6                     text6        000000
__Ltext7                     text7        000000
__Ltext8                     text8        000000
__Ltext9                     text9        000000
__S0                         (abs)        30000E
__S1                         (abs)        00006C
__S2                         (abs)        000000
___inthi_sp                  stack        000000
___intlo_sp                  stack        000000
___lwdiv                     text37       000412
___lwdiv@counter             cstackCOMRAM 000007
___lwdiv@dividend            cstackCOMRAM 000001
___lwdiv@divisor             cstackCOMRAM 000003
___lwdiv@quotient            cstackCOMRAM 000005
___lwmod                     text36       0004A6
___lwmod@counter             cstackCOMRAM 000005
___lwmod@dividend            cstackCOMRAM 000001
___lwmod@divisor             cstackCOMRAM 000003
___sp                        stack        000000
__accesstop                  (abs)        000060
__activetblptr               (abs)        000000
__end_of_CloseI2C            text7        000858
__end_of_CloseTimer0         text19       000854
__end_of_I2C_open            text5        0007B4
__end_of_I2C_read_data_acc   text24       000276
__end_of_I2C_send            text11       00062A
__end_of_I2C_turn_on_acc     text9        000528
__end_of_I2C_write_reg_acc   text10       000656
__end_of_IdleI2C             text13       0007F4
__end_of_Interruption        intcode_body 0000CE
__end_of_OpenI2C             text6        00071E
__end_of_OpenTimer0          text17       000762
__end_of_OpenUSART           text3        0002F6
__end_of_ReadI2C             text29       0006D4
__end_of_ReadUSART           text20       000780
__end_of_WriteI2C            text12       0001F4
__end_of_WriteTimer0         text22       000806
__end_of_WriteUSART          text33       000818
__end_of___lwdiv             text37       000464
__end_of___lwmod             text36       0004E8
__end_of__initialization     cinit        0005C6
__end_of_baudUSART           text2        000842
__end_of_data_acc            text30       0005FC
__end_of_endTimer            text18       00084E
__end_of_getsI2C             text28       0003C0
__end_of_imprimir            text31       00059A
__end_of_init_ACC            text8        0007CE
__end_of_init_I2C            text4        0007E2
__end_of_init_UART           text1        0004A6
__end_of_itoa                text34       000412
__end_of_main                text0        00079A
__end_of_putsUSART           text32       0006FA
__end_of_readData            text23       000682
__end_of_startTimer          text16       0006AC
__end_of_timer0_isr          text21       000828
__end_of_uart_isr            text15       000564
__end_of_utoa                text35       000172
__end_ofi2_I2C_send          text25       000742
__end_ofi2_IdleI2C           text27       000838
__end_ofi2_WriteI2C          text26       000366
__initialization             cinit        00059A
__mediumconst                mediumconst  000000
__pbssCOMRAM                 bssCOMRAM    000028
__pcinit                     cinit        00059A
__pcstackBANK0               cstackBANK0  000060
__pcstackCOMRAM              cstackCOMRAM 000001
__pdataCOMRAM                dataCOMRAM   000048
__pidataCOMRAM               idataCOMRAM  000842
__pintcode                   intcode      000008
__pintcode_body              intcode_body 00001C
__ptext0                     text0        000780
__ptext1                     text1        000464
__ptext10                    text10       00062A
__ptext11                    text11       0005FC
__ptext12                    text12       000172
__ptext13                    text13       0007E2
__ptext15                    text15       000528
__ptext16                    text16       000682
__ptext17                    text17       000742
__ptext18                    text18       000848
__ptext19                    text19       00084E
__ptext2                     text2        000838
__ptext20                    text20       000762
__ptext21                    text21       000818
__ptext22                    text22       0007F4
__ptext23                    text23       000656
__ptext24                    text24       0001F4
__ptext25                    text25       00071E
__ptext26                    text26       0002F6
__ptext27                    text27       000828
__ptext28                    text28       000366
__ptext29                    text29       0006AC
__ptext3                     text3        000276
__ptext30                    text30       0005CC
__ptext31                    text31       000564
__ptext32                    text32       0006D4
__ptext33                    text33       000806
__ptext34                    text34       0003C0
__ptext35                    text35       0000CE
__ptext36                    text36       0004A6
__ptext37                    text37       000412
__ptext4                     text4        0007CE
__ptext5                     text5        00079A
__ptext6                     text6        0006FA
__ptext7                     text7        000854
__ptext8                     text8        0007B4
__ptext9                     text9        0004E8
__ramtop                     ramtop       000800
__size_of_CloseI2C           (abs)        000000
__size_of_CloseTimer0        (abs)        000000
__size_of_I2C_open           (abs)        000000
__size_of_I2C_read_data_acc  (abs)        000000
__size_of_I2C_send           (abs)        000000
__size_of_I2C_turn_on_acc    (abs)        000000
__size_of_I2C_write_reg_acc  (abs)        000000
__size_of_IdleI2C            (abs)        000000
__size_of_Interruption       (abs)        000000
__size_of_OpenI2C            (abs)        000000
__size_of_OpenTimer0         (abs)        000000
__size_of_OpenUSART          (abs)        000000
__size_of_ReadI2C            (abs)        000000
__size_of_ReadUSART          (abs)        000000
__size_of_WriteI2C           (abs)        000000
__size_of_WriteTimer0        (abs)        000000
__size_of_WriteUSART         (abs)        000000
__size_of___lwdiv            (abs)        000000
__size_of___lwmod            (abs)        000000
__size_of_baudUSART          (abs)        000000
__size_of_data_acc           (abs)        000000
__size_of_endTimer           (abs)        000000
__size_of_getsI2C            (abs)        000000
__size_of_imprimir           (abs)        000000
__size_of_init_ACC           (abs)        000000
__size_of_init_I2C           (abs)        000000
__size_of_init_UART          (abs)        000000
__size_of_itoa               (abs)        000000
__size_of_main               (abs)        000000
__size_of_putsUSART          (abs)        000000
__size_of_readData           (abs)        000000
__size_of_startTimer         (abs)        000000
__size_of_timer0_isr         (abs)        000000
__size_of_uart_isr           (abs)        000000
__size_of_utoa               (abs)        000000
__size_ofi2_I2C_send         (abs)        000000
__size_ofi2_IdleI2C          (abs)        000000
__size_ofi2_WriteI2C         (abs)        000000
__smallconst                 smallconst   000000
_acc_x                       bssCOMRAM    000042
_acc_y                       bssCOMRAM    000044
_acc_z                       bssCOMRAM    000046
_baudUSART                   text2        000838
_buf                         bssCOMRAM    000038
_data_acc                    text30       0005CC
_endTimer                    text18       000848
_enter                       dataCOMRAM   00004C
_getsI2C                     text28       000366
_gyr_x                       bssCOMRAM    00002A
_gyr_y                       bssCOMRAM    00002C
_gyr_z                       bssCOMRAM    00002E
_imprimir                    text31       000564
_init_ACC                    text8        0007B4
_init_I2C                    text4        0007CE
_init_UART                   text1        000464
_itoa                        text34       0003C0
_main                        text0        000780
_microsegundos               bssCOMRAM    000030
_mid                         dataCOMRAM   000048
_milisegundos                bssCOMRAM    000032
_putsUSART                   text32       0006D4
_readData                    text23       000656
_segundos                    bssCOMRAM    000034
_startTimer                  text16       000682
_temperature                 bssCOMRAM    000037
_timer0                      dataCOMRAM   00004A
_timer0_isr                  text21       000818
_uart_isr                    text15       000528
_utoa                        text35       0000CE
baudUSART@baudconfig         cstackBANK0  000060
data_acc@ptr                 cstackCOMRAM 000001
end_of_initialization        cinit        0005C6
getsI2C@length               cstackCOMRAM 000004
getsI2C@rdptr                cstackCOMRAM 000002
i2I2C_send@data              cstackCOMRAM 000004
i2I2C_send@reg               cstackCOMRAM 000005
i2I2C_send@status            cstackCOMRAM 000006
i2WriteI2C@data_out          cstackCOMRAM 000003
i2_I2C_send                  text25       00071E
i2_IdleI2C                   text27       000828
i2_WriteI2C                  text26       0002F6
init_UART@baudconfig         cstackBANK0  000069
init_UART@config             cstackBANK0  000068
init_UART@spbrg              cstackBANK0  000066
int_func                     intcode_body 00001C
intlevel0                    text         000000
intlevel1                    text         000000
intlevel2                    text         000000
intlevel3                    text         000000
itoa@base                    cstackCOMRAM 000015
itoa@buf                     cstackCOMRAM 000011
itoa@cp                      cstackCOMRAM 000017
itoa@val                     cstackCOMRAM 000013
putsUSART@data               cstackCOMRAM 000002
stackhi                      (abs)        0007FF
stacklo                      (abs)        00006C
start                        init         000018
start_initialization         cinit        00059A
utoa@base                    cstackCOMRAM 00000C
utoa@buf                     cstackCOMRAM 000008
utoa@c                       cstackCOMRAM 000010
utoa@v                       cstackCOMRAM 00000E
utoa@val                     cstackCOMRAM 00000A


FUNCTION INFORMATION:

 *************** function _main *****************
 Defined at:
		line 31 in file "main.c"
 Parameters:    Size  Location     Type
		None
 Auto vars:     Size  Location     Type
		None
 Return value:  Size  Location     Type
		None               void
 Registers used:
		wreg, status,2, status,0, cstack
 Tracked objects:
		On entry : 
		On exit  : 
		Unchanged: 
 Data sizes:     COMRAM   BANK0   BANK1   BANK2   BANK3   BANK4   BANK5   BANK6   BANK7
      Params:         0       0       0       0       0       0       0       0       0
      Locals:         0       0       0       0       0       0       0       0       0
      Temps:          0       0       0       0       0       0       0       0       0
      Totals:         0       0       0       0       0       0       0       0       0
Total ram usage:        0 bytes
 Hardware stack levels required when called:   12
 This function calls:
		_init_ACC
		_init_I2C
		_init_UART
 This function is called by:
		Startup code after reset
 This function uses a non-reentrant model


 *************** function _init_UART *****************
 Defined at:
		line 3 in file "uartFunct.c"
 Parameters:    Size  Location     Type
		None
 Auto vars:     Size  Location     Type
  spbrg           2    6[BANK0 ] unsigned int 
  baudconfig      1    9[BANK0 ] unsigned char 
  config          1    8[BANK0 ] unsigned char 
 Return value:  Size  Location     Type
		None               void
 Registers used:
		wreg, status,2, status,0, cstack
 Tracked objects:
		On entry : 
		On exit  : 
		Unchanged: 
 Data sizes:     COMRAM   BANK0   BANK1   BANK2   BANK3   BANK4   BANK5   BANK6   BANK7
      Params:         0       0       0       0       0       0       0       0       0
      Locals:         0       4       0       0       0       0       0       0       0
      Temps:          0       0       0       0       0       0       0       0       0
      Totals:         0       4       0       0       0       0       0       0       0
Total ram usage:        4 bytes
 Hardware stack levels used:    1
 Hardware stack levels required when called:    7
 This function calls:
		_OpenUSART
		_baudUSART
 This function is called by:
		_main
 This function uses a non-reentrant model


 *************** function _baudUSART *****************
 Defined at:
		line 15 in file "C:\Program Files (x86)\Microchip\xc8\v1.32\sources\pic18\plib\USART\ubaud.c"
 Parameters:    Size  Location     Type
  baudconfig      1    wreg     unsigned char 
 Auto vars:     Size  Location     Type
  baudconfig      1    0[BANK0 ] unsigned char 
 Return value:  Size  Location     Type
		None               void
 Registers used:
		wreg
 Tracked objects:
		On entry : 
		On exit  : 
		Unchanged: 
 Data sizes:     COMRAM   BANK0   BANK1   BANK2   BANK3   BANK4   BANK5   BANK6   BANK7
      Params:         0       0       0       0       0       0       0       0       0
      Locals:         0       1       0       0       0       0       0       0       0
      Temps:          0       0       0       0       0       0       0       0       0
      Totals:         0       1       0       0       0       0       0       0       0
Total ram usage:        1 bytes
 Hardware stack levels used:    1
 Hardware stack levels required when called:    6
 This function calls:
		Nothing
 This function is called by:
		_init_UART
 This function uses a non-reentrant model


 *************** function _OpenUSART *****************
 Defined at:
		line 73 in file "C:\Program Files (x86)\Microchip\xc8\v1.32\sources\pic18\plib\USART\uopen.c"
 Parameters:    Size  Location     Type
  config          1    wreg     unsigned char 
  spbrg           2    0[BANK0 ] unsigned int 
 Auto vars:     Size  Location     Type
  config          1    5[BANK0 ] unsigned char 
 Return value:  Size  Location     Type
		None               void
 Registers used:
		wreg, status,2
 Tracked objects:
		On entry : 
		On exit  : 
		Unchanged: 
 Data sizes:     COMRAM   BANK0   BANK1   BANK2   BANK3   BANK4   BANK5   BANK6   BANK7
      Params:         0       2       0       0       0       0       0       0       0
      Locals:         0       1       0       0       0       0       0       0       0
      Temps:          0       3       0       0       0       0       0       0       0
      Totals:         0       6       0       0       0       0       0       0       0
Total ram usage:        6 bytes
 Hardware stack levels used:    1
 Hardware stack levels required when called:    6
 This function calls:
		Nothing
 This function is called by:
		_init_UART
 This function uses a non-reentrant model


 *************** function _init_I2C *****************
 Defined at:
		line 45 in file "i2cFunct.c"
 Parameters:    Size  Location     Type
		None
 Auto vars:     Size  Location     Type
		None
 Return value:  Size  Location     Type
		None               void
 Registers used:
		wreg, status,2, status,0, cstack
 Tracked objects:
		On entry : 
		On exit  : 
		Unchanged: 
 Data sizes:     COMRAM   BANK0   BANK1   BANK2   BANK3   BANK4   BANK5   BANK6   BANK7
      Params:         0       0       0       0       0       0       0       0       0
      Locals:         0       0       0       0       0       0       0       0       0
      Temps:          0       0       0       0       0       0       0       0       0
      Totals:         0       0       0       0       0       0       0       0       0
Total ram usage:        0 bytes
 Hardware stack levels used:    1
 Hardware stack levels required when called:    8
 This function calls:
		_I2C_open
 This function is called by:
		_main
 This function uses a non-reentrant model


 *************** function _I2C_open *****************
 Defined at:
		line 11 in file "i2cFunct.c"
 Parameters:    Size  Location     Type
  sync_mode       1    wreg     unsigned char 
  slew            1    2[BANK0 ] unsigned char 
  baud_clock      1    3[BANK0 ] unsigned char 
 Auto vars:     Size  Location     Type
  sync_mode       1    4[BANK0 ] unsigned char 
 Return value:  Size  Location     Type
		None               void
 Registers used:
		wreg, status,2, status,0, cstack
 Tracked objects:
		On entry : 
		On exit  : 
		Unchanged: 
 Data sizes:     COMRAM   BANK0   BANK1   BANK2   BANK3   BANK4   BANK5   BANK6   BANK7
      Params:         0       2       0       0       0       0       0       0       0
      Locals:         0       1       0       0       0       0       0       0       0
      Temps:          0       0       0       0       0       0       0       0       0
      Totals:         0       3       0       0       0       0       0       0       0
Total ram usage:        3 bytes
 Hardware stack levels used:    1
 Hardware stack levels required when called:    7
 This function calls:
		_CloseI2C
		_OpenI2C
 This function is called by:
		_init_I2C
 This function uses a non-reentrant model


 *************** function _OpenI2C *****************
 Defined at:
		line 14 in file "C:\Program Files (x86)\Microchip\xc8\v1.32\sources\pic18\plib\i2c\i2c_open.c"
 Parameters:    Size  Location     Type
  sync_mode       1    wreg     unsigned char 
  slew            1    0[BANK0 ] unsigned char 
 Auto vars:     Size  Location     Type
  sync_mode       1    1[BANK0 ] unsigned char 
 Return value:  Size  Location     Type
		None               void
 Registers used:
		wreg, status,2, status,0
 Tracked objects:
		On entry : 
		On exit  : 
		Unchanged: 
 Data sizes:     COMRAM   BANK0   BANK1   BANK2   BANK3   BANK4   BANK5   BANK6   BANK7
      Params:         0       1       0       0       0       0       0       0       0
      Locals:         0       1       0       0       0       0       0       0       0
      Temps:          0       0       0       0       0       0       0       0       0
      Totals:         0       2       0       0       0       0       0       0       0
Total ram usage:        2 bytes
 Hardware stack levels used:    1
 Hardware stack levels required when called:    6
 This function calls:
		Nothing
 This function is called by:
		_I2C_open
 This function uses a non-reentrant model


 *************** function _CloseI2C *****************
 Defined at:
		line 19 in file "C:\Program Files (x86)\Microchip\xc8\v1.32\sources\pic18\plib\i2c\i2c_clos.c"
 Parameters:    Size  Location     Type
		None
 Auto vars:     Size  Location     Type
		None
 Return value:  Size  Location     Type
		None               void
 Registers used:
		status,2, status,0
 Tracked objects:
		On entry : 
		On exit  : 
		Unchanged: 
 Data sizes:     COMRAM   BANK0   BANK1   BANK2   BANK3   BANK4   BANK5   BANK6   BANK7
      Params:         0       0       0       0       0       0       0       0       0
      Locals:         0       0       0       0       0       0       0       0       0
      Temps:          0       0       0       0       0       0       0       0       0
      Totals:         0       0       0       0       0       0       0       0       0
Total ram usage:        0 bytes
 Hardware stack levels used:    1
 Hardware stack levels required when called:    6
 This function calls:
		Nothing
 This function is called by:
		_I2C_open
 This function uses a non-reentrant model


 *************** function _init_ACC *****************
 Defined at:
		line 264 in file "accmag.c"
 Parameters:    Size  Location     Type
		None
 Auto vars:     Size  Location     Type
		None
 Return value:  Size  Location     Type
		None               void
 Registers used:
		wreg, status,2, status,0, cstack
 Tracked objects:
		On entry : 
		On exit  : 
		Unchanged: 
 Data sizes:     COMRAM   BANK0   BANK1   BANK2   BANK3   BANK4   BANK5   BANK6   BANK7
      Params:         0       0       0       0       0       0       0       0       0
      Locals:         0       0       0       0       0       0       0       0       0
      Temps:          0       0       0       0       0       0       0       0       0
      Totals:         0       0       0       0       0       0       0       0       0
Total ram usage:        0 bytes
 Hardware stack levels used:    1
 Hardware stack levels required when called:   11
 This function calls:
		_I2C_turn_on_acc
 This function is called by:
		_main
 This function uses a non-reentrant model


 *************** function _I2C_turn_on_acc *****************
 Defined at:
		line 244 in file "accmag.c"
 Parameters:    Size  Location     Type
  mode            1    wreg     unsigned char 
  data_rate       1    8[BANK0 ] unsigned char 
  full_scale      1    9[BANK0 ] unsigned char 
  sleep_wakeup    1   10[BANK0 ] unsigned char 
 Auto vars:     Size  Location     Type
  mode            1   11[BANK0 ] unsigned char 
 Return value:  Size  Location     Type
		None               void
 Registers used:
		wreg, status,2, status,0, cstack
 Tracked objects:
		On entry : 
		On exit  : 
		Unchanged: 
 Data sizes:     COMRAM   BANK0   BANK1   BANK2   BANK3   BANK4   BANK5   BANK6   BANK7
      Params:         0       3       0       0       0       0       0       0       0
      Locals:         0       1       0       0       0       0       0       0       0
      Temps:          0       0       0       0       0       0       0       0       0
      Totals:         0       4       0       0       0       0       0       0       0
Total ram usage:        4 bytes
 Hardware stack levels used:    1
 Hardware stack levels required when called:   10
 This function calls:
		_I2C_write_reg_acc
 This function is called by:
		_init_ACC
 This function uses a non-reentrant model


 *************** function _I2C_write_reg_acc *****************
 Defined at:
		line 9 in file "accmag.c"
 Parameters:    Size  Location     Type
  reg             1    wreg     unsigned char 
  valor           1    6[BANK0 ] unsigned char 
 Auto vars:     Size  Location     Type
  reg             1    7[BANK0 ] unsigned char 
 Return value:  Size  Location     Type
		None               void
 Registers used:
		wreg, status,2, status,0, cstack
 Tracked objects:
		On entry : 
		On exit  : 
		Unchanged: 
 Data sizes:     COMRAM   BANK0   BANK1   BANK2   BANK3   BANK4   BANK5   BANK6   BANK7
      Params:         0       1       0       0       0       0       0       0       0
      Locals:         0       1       0       0       0       0       0       0       0
      Temps:          0       0       0       0       0       0       0       0       0
      Totals:         0       2       0       0       0       0       0       0       0
Total ram usage:        2 bytes
 Hardware stack levels used:    1
 Hardware stack levels required when called:    9
 This function calls:
		_I2C_send
		_IdleI2C
 This function is called by:
		_I2C_turn_on_acc
 This function uses a non-reentrant model


 *************** function _I2C_send *****************
 Defined at:
		line 26 in file "i2cFunct.c"
 Parameters:    Size  Location     Type
  reg             1    wreg     unsigned char 
 Auto vars:     Size  Location     Type
  reg             1    4[BANK0 ] unsigned char 
  status          1    5[BANK0 ] char 
  data            1    3[BANK0 ] unsigned char 
 Return value:  Size  Location     Type
		None               void
 Registers used:
		wreg, status,2, status,0, cstack
 Tracked objects:
		On entry : 
		On exit  : 
		Unchanged: 
 Data sizes:     COMRAM   BANK0   BANK1   BANK2   BANK3   BANK4   BANK5   BANK6   BANK7
      Params:         0       0       0       0       0       0       0       0       0
      Locals:         0       3       0       0       0       0       0       0       0
      Temps:          0       0       0       0       0       0       0       0       0
      Totals:         0       3       0       0       0       0       0       0       0
Total ram usage:        3 bytes
 Hardware stack levels used:    1
 Hardware stack levels required when called:    8
 This function calls:
		_IdleI2C
		_WriteI2C
 This function is called by:
		_I2C_write_reg_acc
		_I2C_read_byte_gyro
		_I2C_read_data_gyro
		_I2C_write_reg_gyro
		_I2C_read_byte_acc
		_I2C_write_reg_mag
		_I2C_read_byte_mag
		_I2C_read_data_mag
 This function uses a non-reentrant model


 *************** function _WriteI2C *****************
 Defined at:
		line 12 in file "C:\Program Files (x86)\Microchip\xc8\v1.32\sources\pic18\plib\i2c\i2c_writ.c"
 Parameters:    Size  Location     Type
  data_out        1    wreg     unsigned char 
 Auto vars:     Size  Location     Type
  data_out        1    2[BANK0 ] unsigned char 
 Return value:  Size  Location     Type
                  1    wreg      char 
 Registers used:
		wreg, status,2, status,0, cstack
 Tracked objects:
		On entry : 
		On exit  : 
		Unchanged: 
 Data sizes:     COMRAM   BANK0   BANK1   BANK2   BANK3   BANK4   BANK5   BANK6   BANK7
      Params:         0       0       0       0       0       0       0       0       0
      Locals:         0       1       0       0       0       0       0       0       0
      Temps:          0       1       0       0       0       0       0       0       0
      Totals:         0       2       0       0       0       0       0       0       0
Total ram usage:        2 bytes
 Hardware stack levels used:    1
 Hardware stack levels required when called:    7
 This function calls:
		_IdleI2C
 This function is called by:
		_I2C_send
 This function uses a non-reentrant model


 *************** function _IdleI2C *****************
 Defined at:
		line 24 in file "C:\Program Files (x86)\Microchip\xc8\v1.32\sources\pic18\plib\i2c\i2c_idle.c"
 Parameters:    Size  Location     Type
		None
 Auto vars:     Size  Location     Type
		None
 Return value:  Size  Location     Type
		None               void
 Registers used:
		wreg, status,2, status,0
 Tracked objects:
		On entry : 
		On exit  : 
		Unchanged: 
 Data sizes:     COMRAM   BANK0   BANK1   BANK2   BANK3   BANK4   BANK5   BANK6   BANK7
      Params:         0       0       0       0       0       0       0       0       0
      Locals:         0       0       0       0       0       0       0       0       0
      Temps:          0       1       0       0       0       0       0       0       0
      Totals:         0       1       0       0       0       0       0       0       0
Total ram usage:        1 bytes
 Hardware stack levels used:    1
 Hardware stack levels required when called:    6
 This function calls:
		Nothing
 This function is called by:
		_I2C_send
		_I2C_write_reg_acc
		_WriteI2C
		_I2C_read_byte_gyro
		_I2C_read_data_gyro
		_I2C_write_reg_gyro
		_I2C_read_byte_acc
		_I2C_write_reg_mag
		_I2C_read_byte_mag
		_I2C_read_data_mag
 This function uses a non-reentrant model


 *************** function _Interruption *****************
 Defined at:
		line 70 in file "main.c"
 Parameters:    Size  Location     Type
		None
 Auto vars:     Size  Location     Type
		None
 Return value:  Size  Location     Type
		None               void
 Registers used:
		wreg, fsr2l, fsr2h, status,2, status,0, prodl, cstack
 Tracked objects:
		On entry : 
		On exit  : 
		Unchanged: 
 Data sizes:     COMRAM   BANK0   BANK1   BANK2   BANK3   BANK4   BANK5   BANK6   BANK7
      Params:         0       0       0       0       0       0       0       0       0
      Locals:         0       0       0       0       0       0       0       0       0
      Temps:         15       0       0       0       0       0       0       0       0
      Totals:        15       0       0       0       0       0       0       0       0
Total ram usage:       15 bytes
 Hardware stack levels used:    1
 Hardware stack levels required when called:    5
 This function calls:
		_imprimir
		_readData
		_timer0_isr
		_uart_isr
 This function is called by:
		Interrupt level 2
 This function uses a non-reentrant model


 *************** function _uart_isr *****************
 Defined at:
		line 15 in file "uartFunct.c"
 Parameters:    Size  Location     Type
		None
 Auto vars:     Size  Location     Type
		None
 Return value:  Size  Location     Type
		None               void
 Registers used:
		wreg, status,2, status,0, cstack
 Tracked objects:
		On entry : 
		On exit  : 
		Unchanged: 
 Data sizes:     COMRAM   BANK0   BANK1   BANK2   BANK3   BANK4   BANK5   BANK6   BANK7
      Params:         0       0       0       0       0       0       0       0       0
      Locals:         0       0       0       0       0       0       0       0       0
      Temps:          1       0       0       0       0       0       0       0       0
      Totals:         1       0       0       0       0       0       0       0       0
Total ram usage:        1 bytes
 Hardware stack levels used:    1
 Hardware stack levels required when called:    2
 This function calls:
		_ReadUSART
		_WriteUSART
		_endTimer
		_startTimer
 This function is called by:
		_Interruption
 This function uses a non-reentrant model


 *************** function _startTimer *****************
 Defined at:
		line 25 in file "readTime.c"
 Parameters:    Size  Location     Type
		None
 Auto vars:     Size  Location     Type
		None
 Return value:  Size  Location     Type
		None               void
 Registers used:
		wreg, status,2, status,0, cstack
 Tracked objects:
		On entry : 
		On exit  : 
		Unchanged: 
 Data sizes:     COMRAM   BANK0   BANK1   BANK2   BANK3   BANK4   BANK5   BANK6   BANK7
      Params:         0       0       0       0       0       0       0       0       0
      Locals:         0       0       0       0       0       0       0       0       0
      Temps:          0       0       0       0       0       0       0       0       0
      Totals:         0       0       0       0       0       0       0       0       0
Total ram usage:        0 bytes
 Hardware stack levels used:    1
 Hardware stack levels required when called:    1
 This function calls:
		_OpenTimer0
		_WriteTimer0
 This function is called by:
		_uart_isr
 This function uses a non-reentrant model


 *************** function _OpenTimer0 *****************
 Defined at:
		line 18 in file "C:\Program Files (x86)\Microchip\xc8\v1.32\sources\pic18\plib\Timers\t0open.c"
 Parameters:    Size  Location     Type
  config          1    wreg     unsigned char 
 Auto vars:     Size  Location     Type
  config          1    0[COMRAM] unsigned char 
 Return value:  Size  Location     Type
		None               void
 Registers used:
		wreg, status,2, status,0
 Tracked objects:
		On entry : 
		On exit  : 
		Unchanged: 
 Data sizes:     COMRAM   BANK0   BANK1   BANK2   BANK3   BANK4   BANK5   BANK6   BANK7
      Params:         0       0       0       0       0       0       0       0       0
      Locals:         1       0       0       0       0       0       0       0       0
      Temps:          0       0       0       0       0       0       0       0       0
      Totals:         1       0       0       0       0       0       0       0       0
Total ram usage:        1 bytes
 Hardware stack levels used:    1
 This function calls:
		Nothing
 This function is called by:
		_startTimer
 This function uses a non-reentrant model


 *************** function _endTimer *****************
 Defined at:
		line 40 in file "readTime.c"
 Parameters:    Size  Location     Type
		None
 Auto vars:     Size  Location     Type
		None
 Return value:  Size  Location     Type
		None               void
 Registers used:
		cstack
 Tracked objects:
		On entry : 
		On exit  : 
		Unchanged: 
 Data sizes:     COMRAM   BANK0   BANK1   BANK2   BANK3   BANK4   BANK5   BANK6   BANK7
      Params:         0       0       0       0       0       0       0       0       0
      Locals:         0       0       0       0       0       0       0       0       0
      Temps:          0       0       0       0       0       0       0       0       0
      Totals:         0       0       0       0       0       0       0       0       0
Total ram usage:        0 bytes
 Hardware stack levels used:    1
 Hardware stack levels required when called:    1
 This function calls:
		_CloseTimer0
 This function is called by:
		_uart_isr
 This function uses a non-reentrant model


 *************** function _CloseTimer0 *****************
 Defined at:
		line 15 in file "C:\Program Files (x86)\Microchip\xc8\v1.32\sources\pic18\plib\Timers\t0close.c"
 Parameters:    Size  Location     Type
		None
 Auto vars:     Size  Location     Type
		None
 Return value:  Size  Location     Type
		None               void
 Registers used:
		None
 Tracked objects:
		On entry : 
		On exit  : 
		Unchanged: 
 Data sizes:     COMRAM   BANK0   BANK1   BANK2   BANK3   BANK4   BANK5   BANK6   BANK7
      Params:         0       0       0       0       0       0       0       0       0
      Locals:         0       0       0       0       0       0       0       0       0
      Temps:          0       0       0       0       0       0       0       0       0
      Totals:         0       0       0       0       0       0       0       0       0
Total ram usage:        0 bytes
 Hardware stack levels used:    1
 This function calls:
		Nothing
 This function is called by:
		_endTimer
 This function uses a non-reentrant model


 *************** function _ReadUSART *****************
 Defined at:
		line 15 in file "C:\Program Files (x86)\Microchip\xc8\v1.32\sources\pic18\plib\USART\uread.c"
 Parameters:    Size  Location     Type
		None
 Auto vars:     Size  Location     Type
  data            1    0[COMRAM] unsigned char 
 Return value:  Size  Location     Type
                  1    wreg      unsigned char 
 Registers used:
		wreg, status,2, status,0
 Tracked objects:
		On entry : 
		On exit  : 
		Unchanged: 
 Data sizes:     COMRAM   BANK0   BANK1   BANK2   BANK3   BANK4   BANK5   BANK6   BANK7
      Params:         0       0       0       0       0       0       0       0       0
      Locals:         1       0       0       0       0       0       0       0       0
      Temps:          0       0       0       0       0       0       0       0       0
      Totals:         1       0       0       0       0       0       0       0       0
Total ram usage:        1 bytes
 Hardware stack levels used:    1
 This function calls:
		Nothing
 This function is called by:
		_uart_isr
 This function uses a non-reentrant model


 *************** function _timer0_isr *****************
 Defined at:
		line 12 in file "readTime.c"
 Parameters:    Size  Location     Type
		None
 Auto vars:     Size  Location     Type
		None
 Return value:  Size  Location     Type
		None               void
 Registers used:
		cstack
 Tracked objects:
		On entry : 
		On exit  : 
		Unchanged: 
 Data sizes:     COMRAM   BANK0   BANK1   BANK2   BANK3   BANK4   BANK5   BANK6   BANK7
      Params:         0       0       0       0       0       0       0       0       0
      Locals:         0       0       0       0       0       0       0       0       0
      Temps:          0       0       0       0       0       0       0       0       0
      Totals:         0       0       0       0       0       0       0       0       0
Total ram usage:        0 bytes
 Hardware stack levels used:    1
 Hardware stack levels required when called:    1
 This function calls:
		_WriteTimer0
 This function is called by:
		_Interruption
 This function uses a non-reentrant model


 *************** function _WriteTimer0 *****************
 Defined at:
		line 16 in file "C:\Program Files (x86)\Microchip\xc8\v1.32\sources\pic18\plib\Timers\t0write.c"
 Parameters:    Size  Location     Type
  timer0          2    0[COMRAM] unsigned int 
 Auto vars:     Size  Location     Type
  timer           2    2[COMRAM] struct Timers
 Return value:  Size  Location     Type
		None               void
 Registers used:
		None
 Tracked objects:
		On entry : 
		On exit  : 
		Unchanged: 
 Data sizes:     COMRAM   BANK0   BANK1   BANK2   BANK3   BANK4   BANK5   BANK6   BANK7
      Params:         2       0       0       0       0       0       0       0       0
      Locals:         2       0       0       0       0       0       0       0       0
      Temps:          0       0       0       0       0       0       0       0       0
      Totals:         4       0       0       0       0       0       0       0       0
Total ram usage:        4 bytes
 Hardware stack levels used:    1
 This function calls:
		Nothing
 This function is called by:
		_timer0_isr
		_startTimer
 This function uses a non-reentrant model


 *************** function _readData *****************
 Defined at:
		line 20 in file "main.c"
 Parameters:    Size  Location     Type
		None
 Auto vars:     Size  Location     Type
		None
 Return value:  Size  Location     Type
		None               void
 Registers used:
		wreg, fsr2l, fsr2h, status,2, status,0, cstack
 Tracked objects:
		On entry : 
		On exit  : 
		Unchanged: 
 Data sizes:     COMRAM   BANK0   BANK1   BANK2   BANK3   BANK4   BANK5   BANK6   BANK7
      Params:         0       0       0       0       0       0       0       0       0
      Locals:         0       0       0       0       0       0       0       0       0
      Temps:          0       0       0       0       0       0       0       0       0
      Totals:         0       0       0       0       0       0       0       0       0
Total ram usage:        0 bytes
 Hardware stack levels used:    1
 Hardware stack levels required when called:    4
 This function calls:
		_I2C_read_data_acc
 This function is called by:
		_Interruption
 This function uses a non-reentrant model


 *************** function _I2C_read_data_acc *****************
 Defined at:
		line 76 in file "accmag.c"
 Parameters:    Size  Location     Type
  reg             1    wreg     unsigned char 
  rdptr           2    6[COMRAM] PTR unsigned char 
		 -> acc_z(2), acc_y(2), acc_x(2), 
 Auto vars:     Size  Location     Type
  reg             1    8[COMRAM] unsigned char 
 Return value:  Size  Location     Type
		None               void
 Registers used:
		wreg, fsr2l, fsr2h, status,2, status,0, cstack
 Tracked objects:
		On entry : 
		On exit  : 
		Unchanged: 
 Data sizes:     COMRAM   BANK0   BANK1   BANK2   BANK3   BANK4   BANK5   BANK6   BANK7
      Params:         2       0       0       0       0       0       0       0       0
      Locals:         1       0       0       0       0       0       0       0       0
      Temps:          0       0       0       0       0       0       0       0       0
      Totals:         3       0       0       0       0       0       0       0       0
Total ram usage:        3 bytes
 Hardware stack levels used:    1
 Hardware stack levels required when called:    3
 This function calls:
		_data_acc
		_getsI2C
		i2_I2C_send
		i2_IdleI2C
 This function is called by:
		_readData
 This function uses a non-reentrant model


 *************** function i2_I2C_send *****************
 Defined at:
		line 26 in file "i2cFunct.c"
 Parameters:    Size  Location     Type
  reg             1    wreg     unsigned char 
 Auto vars:     Size  Location     Type
  reg             1    4[COMRAM] unsigned char 
  I2C_send        1    5[COMRAM] char 
  I2C_send        1    3[COMRAM] unsigned char 
 Return value:  Size  Location     Type
		None               void
 Registers used:
		wreg, status,2, status,0, cstack
 Tracked objects:
		On entry : 
		On exit  : 
		Unchanged: 
 Data sizes:     COMRAM   BANK0   BANK1   BANK2   BANK3   BANK4   BANK5   BANK6   BANK7
      Params:         0       0       0       0       0       0       0       0       0
      Locals:         3       0       0       0       0       0       0       0       0
      Temps:          0       0       0       0       0       0       0       0       0
      Totals:         3       0       0       0       0       0       0       0       0
Total ram usage:        3 bytes
 Hardware stack levels used:    1
 Hardware stack levels required when called:    2
 This function calls:
		i2_IdleI2C
		i2_WriteI2C
 This function is called by:
		_I2C_read_data_acc
 This function uses a non-reentrant model


 *************** function i2_WriteI2C *****************
 Defined at:
		line 12 in file "C:\Program Files (x86)\Microchip\xc8\v1.32\sources\pic18\plib\i2c\i2c_writ.c"
 Parameters:    Size  Location     Type
  data_out        1    wreg     unsigned char 
 Auto vars:     Size  Location     Type
  data_out        1    2[COMRAM] unsigned char 
 Return value:  Size  Location     Type
                  1    wreg      char 
 Registers used:
		wreg, status,2, status,0, cstack
 Tracked objects:
		On entry : 
		On exit  : 
		Unchanged: 
 Data sizes:     COMRAM   BANK0   BANK1   BANK2   BANK3   BANK4   BANK5   BANK6   BANK7
      Params:         0       0       0       0       0       0       0       0       0
      Locals:         1       0       0       0       0       0       0       0       0
      Temps:          1       0       0       0       0       0       0       0       0
      Totals:         2       0       0       0       0       0       0       0       0
Total ram usage:        2 bytes
 Hardware stack levels used:    1
 Hardware stack levels required when called:    1
 This function calls:
		i2_IdleI2C
 This function is called by:
		i2_I2C_send
 This function uses a non-reentrant model


 *************** function i2_IdleI2C *****************
 Defined at:
		line 24 in file "C:\Program Files (x86)\Microchip\xc8\v1.32\sources\pic18\plib\i2c\i2c_idle.c"
 Parameters:    Size  Location     Type
		None
 Auto vars:     Size  Location     Type
		None
 Return value:  Size  Location     Type
		None               void
 Registers used:
		wreg, status,2, status,0
 Tracked objects:
		On entry : 
		On exit  : 
		Unchanged: 
 Data sizes:     COMRAM   BANK0   BANK1   BANK2   BANK3   BANK4   BANK5   BANK6   BANK7
      Params:         0       0       0       0       0       0       0       0       0
      Locals:         0       0       0       0       0       0       0       0       0
      Temps:          1       0       0       0       0       0       0       0       0
      Totals:         1       0       0       0       0       0       0       0       0
Total ram usage:        1 bytes
 Hardware stack levels used:    1
 This function calls:
		Nothing
 This function is called by:
		_I2C_read_data_acc
		i2_I2C_send
		i2_WriteI2C
 This function uses a non-reentrant model


 *************** function _getsI2C *****************
 Defined at:
		line 17 in file "C:\Program Files (x86)\Microchip\xc8\v1.32\sources\pic18\plib\i2c\i2c_gets.c"
 Parameters:    Size  Location     Type
  rdptr           2    1[COMRAM] PTR unsigned char 
		 -> acc_z(2), acc_y(2), acc_x(2), 
  length          1    3[COMRAM] unsigned char 
 Auto vars:     Size  Location     Type
		None
 Return value:  Size  Location     Type
                  1    wreg      char 
 Registers used:
		wreg, fsr2l, fsr2h, status,2, status,0, cstack
 Tracked objects:
		On entry : 
		On exit  : 
		Unchanged: 
 Data sizes:     COMRAM   BANK0   BANK1   BANK2   BANK3   BANK4   BANK5   BANK6   BANK7
      Params:         3       0       0       0       0       0       0       0       0
      Locals:         0       0       0       0       0       0       0       0       0
      Temps:          1       0       0       0       0       0       0       0       0
      Totals:         4       0       0       0       0       0       0       0       0
Total ram usage:        4 bytes
 Hardware stack levels used:    1
 Hardware stack levels required when called:    1
 This function calls:
		_ReadI2C
 This function is called by:
		_I2C_read_data_acc
		_I2C_read_byte_gyro
		_I2C_read_data_gyro
		_I2C_read_byte_acc
		_I2C_read_byte_mag
		_I2C_read_data_mag
 This function uses a non-reentrant model


 *************** function _ReadI2C *****************
 Defined at:
		line 11 in file "C:\Program Files (x86)\Microchip\xc8\v1.32\sources\pic18\plib\i2c\i2c_read.c"
 Parameters:    Size  Location     Type
		None
 Auto vars:     Size  Location     Type
		None
 Return value:  Size  Location     Type
                  1    wreg      unsigned char 
 Registers used:
		wreg, status,2, status,0
 Tracked objects:
		On entry : 
		On exit  : 
		Unchanged: 
 Data sizes:     COMRAM   BANK0   BANK1   BANK2   BANK3   BANK4   BANK5   BANK6   BANK7
      Params:         0       0       0       0       0       0       0       0       0
      Locals:         0       0       0       0       0       0       0       0       0
      Temps:          1       0       0       0       0       0       0       0       0
      Totals:         1       0       0       0       0       0       0       0       0
Total ram usage:        1 bytes
 Hardware stack levels used:    1
 This function calls:
		Nothing
 This function is called by:
		_getsI2C
 This function uses a non-reentrant model


 *************** function _data_acc *****************
 Defined at:
		line 115 in file "accmag.c"
 Parameters:    Size  Location     Type
  ptr             2    0[COMRAM] PTR int 
		 -> acc_z(2), acc_y(2), acc_x(2), 
 Auto vars:     Size  Location     Type
		None
 Return value:  Size  Location     Type
		None               void
 Registers used:
		wreg, fsr2l, fsr2h, status,2, status,0
 Tracked objects:
		On entry : 
		On exit  : 
		Unchanged: 
 Data sizes:     COMRAM   BANK0   BANK1   BANK2   BANK3   BANK4   BANK5   BANK6   BANK7
      Params:         2       0       0       0       0       0       0       0       0
      Locals:         0       0       0       0       0       0       0       0       0
      Temps:          3       0       0       0       0       0       0       0       0
      Totals:         5       0       0       0       0       0       0       0       0
Total ram usage:        5 bytes
 Hardware stack levels used:    1
 This function calls:
		Nothing
 This function is called by:
		_I2C_read_data_acc
 This function uses a non-reentrant model


 *************** function _imprimir *****************
 Defined at:
		line 46 in file "main.c"
 Parameters:    Size  Location     Type
		None
 Auto vars:     Size  Location     Type
		None
 Return value:  Size  Location     Type
		None               void
 Registers used:
		wreg, fsr2l, fsr2h, status,2, status,0, prodl, cstack
 Tracked objects:
		On entry : 
		On exit  : 
		Unchanged: 
 Data sizes:     COMRAM   BANK0   BANK1   BANK2   BANK3   BANK4   BANK5   BANK6   BANK7
      Params:         0       0       0       0       0       0       0       0       0
      Locals:         0       0       0       0       0       0       0       0       0
      Temps:          0       0       0       0       0       0       0       0       0
      Totals:         0       0       0       0       0       0       0       0       0
Total ram usage:        0 bytes
 Hardware stack levels used:    1
 Hardware stack levels required when called:    3
 This function calls:
		_itoa
		_putsUSART
 This function is called by:
		_Interruption
 This function uses a non-reentrant model


 *************** function _putsUSART *****************
 Defined at:
		line 14 in file "C:\Program Files (x86)\Microchip\xc8\v1.32\sources\pic18\plib\USART\uputs.c"
 Parameters:    Size  Location     Type
  data            2    1[COMRAM] PTR unsigned char 
		 -> enter(2), buf(10), 
 Auto vars:     Size  Location     Type
		None
 Return value:  Size  Location     Type
		None               void
 Registers used:
		wreg, fsr2l, fsr2h, status,2, status,0, cstack
 Tracked objects:
		On entry : 
		On exit  : 
		Unchanged: 
 Data sizes:     COMRAM   BANK0   BANK1   BANK2   BANK3   BANK4   BANK5   BANK6   BANK7
      Params:         2       0       0       0       0       0       0       0       0
      Locals:         0       0       0       0       0       0       0       0       0
      Temps:          0       0       0       0       0       0       0       0       0
      Totals:         2       0       0       0       0       0       0       0       0
Total ram usage:        2 bytes
 Hardware stack levels used:    1
 Hardware stack levels required when called:    1
 This function calls:
		_WriteUSART
 This function is called by:
		_imprimir
 This function uses a non-reentrant model


 *************** function _WriteUSART *****************
 Defined at:
		line 13 in file "C:\Program Files (x86)\Microchip\xc8\v1.32\sources\pic18\plib\USART\uwrite.c"
 Parameters:    Size  Location     Type
  data            1    wreg     unsigned char 
 Auto vars:     Size  Location     Type
  data            1    0[COMRAM] unsigned char 
 Return value:  Size  Location     Type
		None               void
 Registers used:
		wreg
 Tracked objects:
		On entry : 
		On exit  : 
		Unchanged: 
 Data sizes:     COMRAM   BANK0   BANK1   BANK2   BANK3   BANK4   BANK5   BANK6   BANK7
      Params:         0       0       0       0       0       0       0       0       0
      Locals:         1       0       0       0       0       0       0       0       0
      Temps:          0       0       0       0       0       0       0       0       0
      Totals:         1       0       0       0       0       0       0       0       0
Total ram usage:        1 bytes
 Hardware stack levels used:    1
 This function calls:
		Nothing
 This function is called by:
		_uart_isr
		_putsUSART
 This function uses a non-reentrant model


 *************** function _itoa *****************
 Defined at:
		line 4 in file "C:\Program Files (x86)\Microchip\xc8\v1.32\sources\common\itoa.c"
 Parameters:    Size  Location     Type
  buf             2   16[COMRAM] PTR unsigned char 
		 -> buf(10), 
  val             2   18[COMRAM] int 
  base            2   20[COMRAM] int 
 Auto vars:     Size  Location     Type
  cp              2   22[COMRAM] PTR unsigned char 
		 -> buf(10), 
 Return value:  Size  Location     Type
                  2   16[COMRAM] PTR unsigned char 
 Registers used:
		wreg, fsr2l, fsr2h, status,2, status,0, prodl, cstack
 Tracked objects:
		On entry : 
		On exit  : 
		Unchanged: 
 Data sizes:     COMRAM   BANK0   BANK1   BANK2   BANK3   BANK4   BANK5   BANK6   BANK7
      Params:         6       0       0       0       0       0       0       0       0
      Locals:         2       0       0       0       0       0       0       0       0
      Temps:          0       0       0       0       0       0       0       0       0
      Totals:         8       0       0       0       0       0       0       0       0
Total ram usage:        8 bytes
 Hardware stack levels used:    1
 Hardware stack levels required when called:    2
 This function calls:
		_utoa
 This function is called by:
		_imprimir
 This function uses a non-reentrant model


 *************** function _utoa *****************
 Defined at:
		line 17 in file "C:\Program Files (x86)\Microchip\xc8\v1.32\sources\common\itoa.c"
 Parameters:    Size  Location     Type
  buf             2    7[COMRAM] PTR unsigned char 
		 -> buf(10), 
  val             2    9[COMRAM] unsigned int 
  base            2   11[COMRAM] int 
 Auto vars:     Size  Location     Type
  v               2   13[COMRAM] unsigned int 
  c               1   15[COMRAM] unsigned char 
 Return value:  Size  Location     Type
                  2    7[COMRAM] PTR unsigned char 
 Registers used:
		wreg, fsr2l, fsr2h, status,2, status,0, cstack
 Tracked objects:
		On entry : 
		On exit  : 
		Unchanged: 
 Data sizes:     COMRAM   BANK0   BANK1   BANK2   BANK3   BANK4   BANK5   BANK6   BANK7
      Params:         6       0       0       0       0       0       0       0       0
      Locals:         3       0       0       0       0       0       0       0       0
      Temps:          0       0       0       0       0       0       0       0       0
      Totals:         9       0       0       0       0       0       0       0       0
Total ram usage:        9 bytes
 Hardware stack levels used:    1
 Hardware stack levels required when called:    1
 This function calls:
		___lwdiv
		___lwmod
 This function is called by:
		_itoa
 This function uses a non-reentrant model


 *************** function ___lwmod *****************
 Defined at:
		line 8 in file "C:\Program Files (x86)\Microchip\xc8\v1.32\sources\common\lwmod.c"
 Parameters:    Size  Location     Type
  dividend        2    0[COMRAM] unsigned int 
  divisor         2    2[COMRAM] unsigned int 
 Auto vars:     Size  Location     Type
  counter         1    4[COMRAM] unsigned char 
 Return value:  Size  Location     Type
                  2    0[COMRAM] unsigned int 
 Registers used:
		wreg, status,2, status,0
 Tracked objects:
		On entry : 
		On exit  : 
		Unchanged: 
 Data sizes:     COMRAM   BANK0   BANK1   BANK2   BANK3   BANK4   BANK5   BANK6   BANK7
      Params:         4       0       0       0       0       0       0       0       0
      Locals:         1       0       0       0       0       0       0       0       0
      Temps:          0       0       0       0       0       0       0       0       0
      Totals:         5       0       0       0       0       0       0       0       0
Total ram usage:        5 bytes
 Hardware stack levels used:    1
 This function calls:
		Nothing
 This function is called by:
		_utoa
 This function uses a non-reentrant model


 *************** function ___lwdiv *****************
 Defined at:
		line 8 in file "C:\Program Files (x86)\Microchip\xc8\v1.32\sources\common\lwdiv.c"
 Parameters:    Size  Location     Type
  dividend        2    0[COMRAM] unsigned int 
  divisor         2    2[COMRAM] unsigned int 
 Auto vars:     Size  Location     Type
  quotient        2    4[COMRAM] unsigned int 
  counter         1    6[COMRAM] unsigned char 
 Return value:  Size  Location     Type
                  2    0[COMRAM] unsigned int 
 Registers used:
		wreg, status,2, status,0
 Tracked objects:
		On entry : 
		On exit  : 
		Unchanged: 
 Data sizes:     COMRAM   BANK0   BANK1   BANK2   BANK3   BANK4   BANK5   BANK6   BANK7
      Params:         4       0       0       0       0       0       0       0       0
      Locals:         3       0       0       0       0       0       0       0       0
      Temps:          0       0       0       0       0       0       0       0       0
      Totals:         7       0       0       0       0       0       0       0       0
Total ram usage:        7 bytes
 Hardware stack levels used:    1
 This function calls:
		Nothing
 This function is called by:
		_utoa
 This function uses a non-reentrant model



MODULE INFORMATION

Module		Function		Class		Link	Load	Size
C:\Program Files (x86)\Microchip\xc8\v1.32\sources\common\lwmod.c
		___lwmod       		CODE           	04A6	0000	66

C:\Program Files (x86)\Microchip\xc8\v1.32\sources\common\lwmod.c estimated size: 66

C:\Program Files (x86)\Microchip\xc8\v1.32\sources\pic18\plib\Timers\t0open.c
		_OpenTimer0    		CODE           	0742	0000	32

C:\Program Files (x86)\Microchip\xc8\v1.32\sources\pic18\plib\Timers\t0open.c estimated size: 32

C:\Program Files (x86)\Microchip\xc8\v1.32\sources\pic18\plib\USART\uwrite.c
		_WriteUSART    		CODE           	0806	0000	18

C:\Program Files (x86)\Microchip\xc8\v1.32\sources\pic18\plib\USART\uwrite.c estimated size: 18

C:\Program Files (x86)\Microchip\xc8\v1.32\sources\pic18\plib\i2c\i2c_open.c
		_OpenI2C       		CODE           	06FA	0000	36

C:\Program Files (x86)\Microchip\xc8\v1.32\sources\pic18\plib\i2c\i2c_open.c estimated size: 36

C:\Program Files (x86)\Microchip\xc8\v1.32\sources\pic18\plib\Timers\t0close.c
		_CloseTimer0   		CODE           	084E	0000	6

C:\Program Files (x86)\Microchip\xc8\v1.32\sources\pic18\plib\Timers\t0close.c estimated size: 6

C:\Program Files (x86)\Microchip\xc8\v1.32\sources\pic18\plib\i2c\i2c_writ.c
		_WriteI2C      		CODE           	0172	0000	130

C:\Program Files (x86)\Microchip\xc8\v1.32\sources\pic18\plib\i2c\i2c_writ.c estimated size: 130

readTime.c
		_endTimer      		CODE           	0848	0000	6
		_timer0_isr    		CODE           	0818	0000	16
		_startTimer    		CODE           	0682	0000	42

readTime.c estimated size: 64

i2cFunct.c
		_I2C_open      		CODE           	079A	0000	26
		_I2C_send      		CODE           	05FC	0000	46
		_init_I2C      		CODE           	07CE	0000	20

i2cFunct.c estimated size: 92

C:\Program Files (x86)\Microchip\xc8\v1.32\sources\pic18\plib\USART\uopen.c
		_OpenUSART     		CODE           	0276	0000	128

C:\Program Files (x86)\Microchip\xc8\v1.32\sources\pic18\plib\USART\uopen.c estimated size: 128

C:\Program Files (x86)\Microchip\xc8\v1.32\sources\common\lwdiv.c
		___lwdiv       		CODE           	0412	0000	82

C:\Program Files (x86)\Microchip\xc8\v1.32\sources\common\lwdiv.c estimated size: 82

C:\Program Files (x86)\Microchip\xc8\v1.32\sources\pic18\plib\Timers\t0write.c
		_WriteTimer0   		CODE           	07F4	0000	18

C:\Program Files (x86)\Microchip\xc8\v1.32\sources\pic18\plib\Timers\t0write.c estimated size: 18

uartFunct.c
		_init_UART     		CODE           	0464	0000	66
		_uart_isr      		CODE           	0528	0000	60

uartFunct.c estimated size: 126

C:\Program Files (x86)\Microchip\xc8\v1.32\sources\pic18\plib\i2c\i2c_read.c
		_ReadI2C       		CODE           	06AC	0000	40

C:\Program Files (x86)\Microchip\xc8\v1.32\sources\pic18\plib\i2c\i2c_read.c estimated size: 40

C:\Program Files (x86)\Microchip\xc8\v1.32\sources\pic18\plib\USART\ubaud.c
		_baudUSART     		CODE           	0838	0000	10

C:\Program Files (x86)\Microchip\xc8\v1.32\sources\pic18\plib\USART\ubaud.c estimated size: 10

shared
		i2_I2C_send    		CODE           	071E	0000	36
		__initializatio		CODE           	059A	0000	44
		i2_WriteI2C    		CODE           	02F6	0000	112
		i2_IdleI2C     		CODE           	0828	0000	16

shared estimated size: 208

C:\Program Files (x86)\Microchip\xc8\v1.32\sources\pic18\plib\i2c\i2c_clos.c
		_CloseI2C      		CODE           	0854	0000	4

C:\Program Files (x86)\Microchip\xc8\v1.32\sources\pic18\plib\i2c\i2c_clos.c estimated size: 4

C:\Program Files (x86)\Microchip\xc8\v1.32\sources\pic18\plib\i2c\i2c_idle.c
		_IdleI2C       		CODE           	07E2	0000	18

C:\Program Files (x86)\Microchip\xc8\v1.32\sources\pic18\plib\i2c\i2c_idle.c estimated size: 18

accmag.c
		_I2C_write_reg_		CODE           	062A	0000	44
		_I2C_turn_on_ac		CODE           	04E8	0000	64
		_I2C_read_data_		CODE           	01F4	0000	130
		_data_acc      		CODE           	05CC	0000	48
		_init_ACC      		CODE           	07B4	0000	26

accmag.c estimated size: 312

C:\Program Files (x86)\Microchip\xc8\v1.32\sources\pic18\plib\USART\uread.c
		_ReadUSART     		CODE           	0762	0000	30

C:\Program Files (x86)\Microchip\xc8\v1.32\sources\pic18\plib\USART\uread.c estimated size: 30

C:\Program Files (x86)\Microchip\xc8\v1.32\sources\common\itoa.c
		_itoa          		CODE           	03C0	0000	82
		_utoa          		CODE           	00CE	0000	164

C:\Program Files (x86)\Microchip\xc8\v1.32\sources\common\itoa.c estimated size: 246

C:\Program Files (x86)\Microchip\xc8\v1.32\sources\pic18\plib\i2c\i2c_gets.c
		_getsI2C       		CODE           	0366	0000	90

C:\Program Files (x86)\Microchip\xc8\v1.32\sources\pic18\plib\i2c\i2c_gets.c estimated size: 90

C:\Program Files (x86)\Microchip\xc8\v1.32\sources\pic18\plib\USART\uputs.c
		_putsUSART     		CODE           	06D4	0000	38

C:\Program Files (x86)\Microchip\xc8\v1.32\sources\pic18\plib\USART\uputs.c estimated size: 38

main.c
		_readData      		CODE           	0656	0000	44
		_Interruption  		CODE           	0008	0000	198
		_main          		CODE           	0780	0000	26
		_imprimir      		CODE           	0564	0000	54

main.c estimated size: 322

